---
source: crates/pg_syntax/tests/pg_syntax_tests.rs
description: "SELECT to_date('-44-02-01','YYYY-MM-DD');"
---
SelectStmt@0..41
  Select@0..6 "SELECT"
  Whitespace@6..7 " "
  ResTarget@7..39
    FuncCall@7..39
      Ident@7..14 "to_date"
      Ascii40@14..15 "("
      AConst@15..26
        Sconst@15..26 "'-44-02-01'"
      Ascii44@26..27 ","
      AConst@27..39
        Sconst@27..39 "'YYYY-MM-DD'"
  Ascii41@39..40 ")"
  Ascii59@40..41 ";"

