---
source: crates/pg_syntax/tests/pg_syntax_tests.rs
description: "INSERT INTO num_exp_log10 VALUES (1,'4.930660740129727276654889314296515979425461685461970306647398411855044094312185293195497201658739777714943974003690119189101973212927970410047992001003936259467465542044528955416040460487922970233600641954269411521809500203864460110903973264337093883907933081597350982496469748131390809569321256206859934619579029279954574676601709408712255490686948453752571699579252140062805776361984468580258289509013081691778727372026090522694670379557247829136504595898935235926069699309392675806881162434168418505908116911054206058735257796918687777716036307205415038158583184624809880157060625643069601549803887864772092583549388533013233603450097615537162442973385137488450178790573546382354482351187412256794374383453695483855501587939419102008302408157959291557415763034668013452188944554607063362933134950906875499201');"
---
InsertStmt@0..852
  Insert@0..6 "INSERT"
  Whitespace@6..7 " "
  Into@7..11 "INTO"
  Whitespace@11..12 " "
  RangeVar@12..25
    Ident@12..25 "num_exp_log10"
  Whitespace@25..26 " "
  SelectStmt@26..850
    Values@26..32 "VALUES"
    Whitespace@32..33 " "
    Ascii40@33..34 "("
    List@34..850
      AConst@34..35
        Iconst@34..35 "1"
      Ascii44@35..36 ","
      AConst@36..850
        Sconst@36..850 "'4.930660740129727276 ..."
  Ascii41@850..851 ")"
  Ascii59@851..852 ";"

