---
source: crates/pg_syntax/tests/pg_syntax_tests.rs
description: "INSERT INTO num_exp_add VALUES (3,2,'-60303024366845387174536638750234506721.2758014749274942132576365116182462208228193753118527959000939070820507877345194783035668195137119648748792386548310474079340204536236936213411512867171486174240518914767934028451971067161683538629473170704026975786513125842675604577233871570629808699803522400038975396500769162308448069085909755023233588510630417065084295051270219462289785473643946404281422516357503746700705970360169619852905053433235726497292406142332833');"
---
InsertStmt@0..504
  Insert@0..6 "INSERT"
  Whitespace@6..7 " "
  Into@7..11 "INTO"
  Whitespace@11..12 " "
  RangeVar@12..23
    Ident@12..23 "num_exp_add"
  Whitespace@23..24 " "
  SelectStmt@24..502
    Values@24..30 "VALUES"
    Whitespace@30..31 " "
    Ascii40@31..32 "("
    List@32..502
      AConst@32..33
        Iconst@32..33 "3"
      Ascii44@33..34 ","
      AConst@34..35
        Iconst@34..35 "2"
      Ascii44@35..36 ","
      AConst@36..502
        Sconst@36..502 "'-6030302436684538717 ..."
  Ascii41@502..503 ")"
  Ascii59@503..504 ";"

