---
source: crates/pg_syntax/tests/pg_syntax_tests.rs
description: "INSERT INTO num_exp_mul VALUES (9,1,'4676749348240.390309875431213992853550297086049749814750492488995108783145961719774217441193547534210468967573344456866203963659951312519988497979489304488948342258375915152429008993288817366720647491166024151209542534474867042837694499222928509320280684557676243780452100132238968233413333851595648146954975713386711764268506890884764704949969602122157394714663532141060559896359465918874990769222345665160127552795532197771168442486088776803398878354288847069602460071745966589164282641033852314335279121191855487126430176047553895892632834940595958394834437871886013513058514896870683979585091413977173250824451205330441299000850618134248917380244749589254309567551846327349592529960432446947239714236828401206843011440433362544797025114476612133622499094287321570559088587999417440664282418005102546343020409520421747216');"
---
InsertStmt@0..864
  Insert@0..6 "INSERT"
  Whitespace@6..7 " "
  Into@7..11 "INTO"
  Whitespace@11..12 " "
  RangeVar@12..23
    Ident@12..23 "num_exp_mul"
  Whitespace@23..24 " "
  SelectStmt@24..862
    Values@24..30 "VALUES"
    Whitespace@30..31 " "
    Ascii40@31..32 "("
    List@32..862
      AConst@32..33
        Iconst@32..33 "9"
      Ascii44@33..34 ","
      AConst@34..35
        Iconst@34..35 "1"
      Ascii44@35..36 ","
      AConst@36..862
        Sconst@36..862 "'4676749348240.390309 ..."
  Ascii41@862..863 ")"
  Ascii59@863..864 ";"

