---
source: crates/pg_syntax/tests/pg_syntax_tests.rs
description: "INSERT INTO POLYGON_TBL(f1) VALUES ('(1,2),(3,4),(5,6),(7,8)');"
---
InsertStmt@0..63
  Insert@0..6 "INSERT"
  Whitespace@6..7 " "
  Into@7..11 "INTO"
  Whitespace@11..12 " "
  RangeVar@12..23
    Ident@12..23 "POLYGON_TBL"
  Ascii40@23..24 "("
  ResTarget@24..26
    Ident@24..26 "f1"
  Ascii41@26..27 ")"
  Whitespace@27..28 " "
  SelectStmt@28..61
    Values@28..34 "VALUES"
    Whitespace@34..35 " "
    Ascii40@35..36 "("
    List@36..61
      AConst@36..61
        Sconst@36..61 "'(1,2),(3,4),(5,6),(7 ..."
  Ascii41@61..62 ")"
  Ascii59@62..63 ";"

