---
source: crates/pg_syntax/tests/pg_syntax_tests.rs
description: "SELECT * FROM\n  (SELECT 1 AS t, 2 AS x\n   UNION\n   SELECT 2 AS t, 4 AS x) ss\nWHERE x < 4\nORDER BY x;"
---
SelectStmt@0..100
  Select@0..6 "SELECT"
  Whitespace@6..7 " "
  ResTarget@7..8
    ColumnRef@7..8
      AStar@7..8
        Ascii42@7..8 "*"
  Whitespace@8..9 " "
  From@9..13 "FROM"
  Newline@13..14 "\n"
  Whitespace@14..16 "  "
  Ascii40@16..17 "("
  RangeSubselect@17..76
    SelectStmt@17..72
      Select@17..23 "SELECT"
      Whitespace@23..24 " "
      SelectStmt@24..38
        ResTarget@24..30
          AConst@24..25
            Iconst@24..25 "1"
          Whitespace@25..26 " "
          As@26..28 "AS"
          Whitespace@28..29 " "
          Ident@29..30 "t"
        Ascii44@30..31 ","
        Whitespace@31..32 " "
        ResTarget@32..38
          AConst@32..33
            Iconst@32..33 "2"
          Whitespace@33..34 " "
          As@34..36 "AS"
          Whitespace@36..37 " "
          Ident@37..38 "x"
      Newline@38..39 "\n"
      Whitespace@39..42 "   "
      Union@42..47 "UNION"
      Newline@47..48 "\n"
      Whitespace@48..51 "   "
      SelectStmt@51..72
        Select@51..57 "SELECT"
        Whitespace@57..58 " "
        ResTarget@58..64
          AConst@58..59
            Iconst@58..59 "2"
          Whitespace@59..60 " "
          As@60..62 "AS"
          Whitespace@62..63 " "
          Ident@63..64 "t"
        Ascii44@64..65 ","
        Whitespace@65..66 " "
        ResTarget@66..72
          AConst@66..67
            Iconst@66..67 "4"
          Whitespace@67..68 " "
          As@68..70 "AS"
          Whitespace@70..71 " "
          Ident@71..72 "x"
    Ascii41@72..73 ")"
    Whitespace@73..74 " "
    Alias@74..76
      Ident@74..76 "ss"
  Newline@76..77 "\n"
  Where@77..82 "WHERE"
  Whitespace@82..83 " "
  AExpr@83..88
    ColumnRef@83..84
      Ident@83..84 "x"
    Whitespace@84..85 " "
    Ascii60@85..86 "<"
    Whitespace@86..87 " "
    AConst@87..88
      Iconst@87..88 "4"
  Newline@88..89 "\n"
  SortBy@89..99
    Order@89..94 "ORDER"
    Whitespace@94..95 " "
    By@95..97 "BY"
    Whitespace@97..98 " "
    ColumnRef@98..99
      Ident@98..99 "x"
  Ascii59@99..100 ";"

